// Jest Snapshot v1, https://goo.gl/fbAQLP

exports[`renders correctly 1`] = `
<svg
  height="100%"
  id="star"
  style={
    Object {
      "clipRule": "evenodd",
      "fillRule": "evenodd",
      "strokeLinecap": "round",
      "strokeLinejoin": "round",
      "strokeMiterlimit": 1.5,
    }
  }
  viewBox="0 0 800 600"
  width="100%"
  xmlSpace="preserve"
  xmlns="http://www.w3.org/2000/svg"
  xmlnsXlink="http://www.w3.org/1999/xlink"
>
  <g
    transform="matrix(1.40897,0,0,1.40897,-67.8922,-236.585)"
  >
    <path
      d="M333.5,174L384.352,330.508L548.914,330.508L415.781,427.235L466.633,583.742L333.5,487.015L200.367,583.742L251.219,427.235L118.086,330.508L282.648,330.508L333.5,174Z"
      style={
        Object {
          "fill": "none",
          "stroke": "black",
          "strokeWidth": "5.68px",
        }
      }
    />
  </g>
</svg>
`;
