// Jest Snapshot v1, https://goo.gl/fbAQLP

exports[`renders correctly 1`] = `
<div
  data-testid="style-select-item"
  onClick={[Function]}
>
  <img
    alt="style image not found"
    className="style-item-inactive-image"
    data-testid="style-img-undefined"
    src="test-file-stub"
  />
</div>
`;
